// Jest Snapshot v1, https://goo.gl/fbAQLP

exports[`<App /> matches snapshot 1`] = `
<div
  className="App"
>
  <button
    onClick={[Function]}
  >
    Speak
  </button>
  <div>
    nothing to say
  </div>
</div>
`;
